// Jest Snapshot v1, https://goo.gl/fbAQLP

exports[`Styled-components Dashboard CarInStock 1`] = `
<div
  className=""
/>
`;

exports[`Styled-components Dashboard DisplayCarsGrid 1`] = `
<div
  className=""
/>
`;

exports[`Styled-components Dashboard FormWrapper 1`] = `
<div
  className=""
/>
`;

exports[`Styled-components Dashboard Row 1`] = `
<div
  className=""
/>
`;

exports[`Styled-components Dashboard styledSelect 1`] = `
<div
  className="MuiInputBase-root MuiInput-root MuiInput-underline "
  onClick={[Function]}
>
  <div
    aria-haspopup="listbox"
    className="MuiSelect-root MuiSelect-select MuiSelect-selectMenu MuiInputBase-input MuiInput-input"
    onBlur={[Function]}
    onFocus={[Function]}
    onKeyDown={[Function]}
    onMouseDown={[Function]}
    role="button"
    tabIndex={0}
  >
    <span
      dangerouslySetInnerHTML={
        Object {
          "__html": "&#8203;",
        }
      }
    />
  </div>
  <input
    onAnimationStart={[Function]}
    type="hidden"
    value=""
  />
  <svg
    aria-hidden={true}
    className="MuiSvgIcon-root MuiSelect-icon"
    focusable="false"
    viewBox="0 0 24 24"
  >
    <path
      d="M7 10l5 5 5-5z"
    />
  </svg>
</div>
`;
